// Jest Snapshot v1, https://goo.gl/fbAQLP

exports[`renders correctly with signedIn being true, as a pharmacist 1`] = `[Function]`;
